// Jest Snapshot v1, https://goo.gl/fbAQLP

exports[`draws contributions correctly 1`] = `"data:image/png;base64,iVBORw0KGgoAAAANSUhEUgAAAqQAAARyCAYAAABx8eehAAAABmJLR0QA/wD/AP+gvaeTAAAem0lEQVR4nO3dIWtc34PH4elSsbumUKpSW5FXECj01QTqIyojIyviC3k1hUJeQURso0qhZnfdrFmx/ES5N/975nMm8zz6y3AzmUk+HHNe7ff7/Q4AACL/Vj8AAACnTZACAJASpAAApAQpAAApQQoAQEqQAgCQEqQAAKQEKQAAKUEKAEBKkAIAkBKkAACkBCkAAClBCgBASpACAJASpAAApAQpAAApQQoAQEqQAgCQEqQAAKQEKQAAKUEKAEBKkAIAkBKkAACkBCkAAKnX9QMAAIzw6/efRbt3b9/sdrvd7sfPr4v2H99/2e12u931/dWi/c3F7W632+0+fPu0aP/4+ftut9vtzi7PF+2f7h4W7WbmhBQAgJQgBQAgJUgBAEgJUgAAUoIUAICUIAUAICVIAQBICVIAAFKCFACA1Kv9fr+vHwIAgNPlhBQAgJQgBQAgJUgBAEgJUgAAUoIUAICUIAUAICVIAQBICVIAAFKCFACAlCAFACAlSAEASAlSAABSghQAgJQgBQAgJUgBAEgJUgAAUoIUAICUIAUAIPV66xf8r//+n61fEgCAifznf/z7pq/nhBQAgNSr/X6/rx8CAIDT5YQUAICUIAUAICVIAQBICVIAAFKCFACAlCAFACAlSAEASAlSAABSghQAgJQgBQAgJUgBAEgJUgAAUoIUAICUIAUAICVIAQBICVIAAFKCFACAlCAFACAlSAEASAlSAABSghQAgJQgBQAgJUgBAEgJUgAAUoIUAICUIAUAICVIAQBICVIAAFKCFACAlCAFACAlSAEASAlSAABSghQAgJQgBQAgJUgBAEgJUgAAUoIUAICUIAUAIPV66xf88fProt3H918Osv/1+8+i/bu3bw7yPNf3V4v2Nxe3B3me2d7Pte/P2ucZ/fprf94P3z4t2j9+/r5oBwDHyAkpAAApQQoAQEqQAgCQEqQAAKQEKQAAKUEKAEBKkAIAkBKkAACkBCkAAKlX+/1+Xz8EAACnywkpAACpF3+X/ei7xUff1b52f3Z5vmj/dPfwrNef7fd1as8PAC+RE1IAAFKCFACAlCAFACAlSAEASAlSAABSghQAgJQgBQAgJUgBAEgJUgAAUu6yBwAg5YQUAIDU5nfZj74LfvRd4Wuff/Td9KOfZ+3r//r9Z9H+3ds3z9rP9nkY/Txr338AeImckAIAkBKkAACkBCkAAClBCgBASpACAJASpAAApAQpAAApQQoAQEqQAgCQcpc9AAApJ6QAAKTyu+xnu1t89PMc+8/rLvu/v/7an/fs8nzR/unuYdEOAI6RE1IAAFKCFACAlCAFACAlSAEASAlSAABSghQAgJQgBQAgJUgBAEgJUgAAUu6yBwAg5YQUAIDU5nfZj76LfPT+w7dPi/aPn78/6/XX3qW+dj/6+We7a370z7v2bvq1+7XPDwAvkRNSAABSghQAgJQgBQAgJUgBAEgJUgAAUoIUAICUIAUAICVIAQBICVIAAFLusgcAIOWEFACA1OZ32Y++q33tfu3d4mtff/Rd7bM9/6ntR7//AIATUgAAYoIUAICUIAUAICVIAQBICVIAAFKCFACAlCAFACAlSAEASAlSAABS7rIHACDlhBQAgNTmd9nPdrf46OdZe3f56Lvmj/0u+9F3x8/2PACAE1IAAGKCFACAlCAFACAlSAEASAlSAABSghQAgJQgBQAgJUgBAEgJUgAAUu6yBwAg5YQUAICUIAUAICVIAQBICVIAAFKCFACAlCAFACAlSAEASAlSAABSghQAgJQgBQAgJUgBAEgJUgAAUoIUAICUIAUAICVIAQBICVIAAFKCFACAlCAFACAlSAEASAlSAABSghQAgJQgBQAgJUgBAEgJUgAAUoIUAICUIAUAICVIAQBICVIAAFKCFACAlCAFACAlSAEASAlSAABSghQAgJQgBQAgJUgBAEgJUgAAUoIUAICUIAUAICVIAQBICVIAAFKCFACAlCAFACAlSAEASAlSAABSghQAgJQgBQAgJUgBAEgJUgAAUq+3fsEfP78u2n18/+Uk99f3V4v2Nxe3u91ut/v1+8+i/bu3b571+rP9vLM9z4dvnxbtHz9/P8jznNrn+djfz2P/edc+/+j9bO//6OeZ7fO8dr/27+fovyc+D39/nrX7rTkhBQAgJUgBAEgJUgAAUoIUAICUIAUAICVIAQBICVIAAFKCFACAlCAFACD1ar/f7+uHAADgdDkhBQAgtfld9qPvWp3tLtfZ9mvfn9H70XcZz3Y3/Wy/32N//dl+v7O9P6PvFh991/axfx9H310+2+d5tueZ7fc72+d57eet5oQUAICUIAUAICVIAQBICVIAAFKCFACAlCAFACAlSAEASAlSAABSghQAgJS77AEASDkhBQAgdXR32c+2H33X82w/72zPv/bu4NnuIh/9/LPtR7+fp7af7S77Y/97Mtv+2O+OH/338OzyfNH+6e7hWc+z9udd+zyz/b5qTkgBAEgJUgAAUoIUAICUIAUAICVIAQBICVIAAFKCFACAlCAFACAlSAEASLnLHgCAlBNSAABSm99lP9vdrKe2n+0u7NnuLp/t/R/9fs72+Znt9zXb73f053/0Xfaz/X7XPv/o/Wzvz2zf99meZ/T/x7Wfn9Gfh5oTUgAAUoIUAICUIAUAICVIAQBICVIAAFKCFACAlCAFACAlSAEASAlSAABS7rIHACDlhBQAgFR+l739tvu1d+meXZ4v2j/dPTxrP9vd3Kd2t/ix3z09+vc1+vXXfl9m+3sy213toz//s90tPttd9rO9P6O/j6f2ea45IQUAICVIAQBICVIAAFKCFACAlCAFACAlSAEASAlSAABSghQAgJQgBQAg5S57AABSTkgBAEi5y/7A+7V3y852l/Tau79ne/9nu1t5truPR/9+R78/o3/etfvZvo9r97P9/ZntLvXZnufY77I/9u/j6Pdz9N/nmhNSAABSghQAgJQgBQAgJUgBAEgJUgAAUoIUAICUIAUAICVIAQBICVIAAFLusgcAIOWEFACAlLvs/7E/9rvmT22/9v2c7S7j0XcTn9r7f+z72e5GH/08p/b6o/9fjN7P9vkc/fyz/byj9zUnpAAApAQpAAApQQoAQEqQAgCQEqQAAKQEKQAAKUEKAEBKkAIAkBKkAACk3GUPAEDKCSkAAClBCgBASpACAJASpAAApAQpAAApQQoAQEqQAgCQEqQAAKQEKQAAKUEKAEBKkAIAkBKkAACkBCkAAClBCgBASpACAJASpAAApAQpAAApQQoAQEqQAgCQEqQAAKQEKQAAKUEKAEBKkAIAkBKkAACkBCkAAClBCgBASpACAJASpAAApAQpAAApQQoAQEqQAgCQEqQAAKQEKQAAKUEKAEBKkAIAkBKkAACkBCkAAClBCgBASpACAJASpAAApAQpAAApQQoAQEqQAgCQEqQAAKQEKQAAKUEKAEBKkAIAkBKkAACkXm/9gr9+/1m0e/f2zW632+2u768W7W8ubg/y+meX54v2T3cPB3n9tT/vj59fF+0/vv9ykP3o51/7fq7dj/557bfdz/Z9/PDt06L94+fvu91uvu/j6L/Psz3PbO//bO/P2tef7f/v2u/j6Oef7f/12vdna05IAQBICVIAAFKCFACAlCAFACAlSAEASAlSAABSghQAgJQgBQAgJUgBAEi92u/3+/ohAAA4XU5IAQBIbX6X/bHfBTz67ml3Mf99P/r9nO3u4Nnugj/2/Wyfh9me59h/X7M9/2zv/+jnOfa77I/9+7t2v/b9XPv6W3NCCgBASpACAJASpAAApAQpAAApQQoAQEqQAgCQEqQAAKQEKQAAKUEKAEDKXfYAAKSckAIAkNr8LvvZ7hqe7S712Z7/1O5inu3ntd92f+y/39Hf3w/fPi3aP37+/qzXH303+qn9fme7a3705230frbv4+jeGP373ZoTUgAAUoIUAICUIAUAICVIAQBICVIAAFKCFACAlCAFACAlSAEASAlSAABS7rIHACDlhBQAgFR+l/3ou1ZH788uzxftn+4envX6x37X82x308/2/thvu5/t+zX6eU7t+3Lsf0+O/fnX/r8bfff6bPsP3z4t2j9+/v6s1x/992TtfmtOSAEASAlSAABSghQAgJQgBQAgJUgBAEgJUgAAUoIUAICUIAUAICVIAQBIucseAICUE1IAAFL5Xfaj7+qd7W7Z2d6f2e5Knu15Zvv9ntp+9N3us33fZ7vberbPw7F/H2f7ezjbXe2jn2f03//RzzPbz7s1J6QAAKQEKQAAKUEKAEBKkAIAkBKkAACkBCkAAClBCgBASpACAJASpAAApNxlDwBAygkpAACpo7vLfvT+7PJ80f7p7mG32813t/JszzPbXedr7wKe7ecd/Xk4tc/PbJ/P0c8z213Yp/b3bbb3c7bnX/v5HP33f7bvy+j92vdza05IAQBICVIAAFKCFACAlCAFACAlSAEASAlSAABSghQAgJQgBQAgJUgBAEi5yx4AgJQTUgAAUkd3l/3ou+ZH3/167Hdhn9pd27PdJX3s+9Hfr9nuUl/7eZ7tbvHRf39me/7Zvu+j35/R/0/Xvv8+b8f1PFtzQgoAQEqQAgCQEqQAAKQEKQAAKUEKAEBKkAIAkBKkAACkBCkAAClBCgBAyl32AACknJACAJASpAAApAQpAAApQQoAQEqQAgCQEqQAAKQEKQAAKUEKAEBKkAIAkBKkAACkBCkAAClBCgBASpACAJASpAAApAQpAAApQQoAQEqQAgCQEqQAAKQEKQAAKUEKAEBKkAIAkBKkAACkBCkAAClBCgBASpACAJASpAAApAQpAAApQQoAQEqQAgCQEqQAAKQEKQAAKUEKAEBKkAIAkBKkAACkBCkAAClBCgBASpACAJASpAAApAQpAAApQQoAQEqQAgCQEqQAAKQEKQAAKUEKAEBKkAIAkBKkAACkBCkAAClBCgBA6vXWL/jr959Fu3dv39jb25/Y/sfPr4v2H99/Ocjz2L/s/YdvnxbtHz9/f9brX99fLdrfXNw+6/Vn+77M9jyjf79rX//s8nzR/unu4VnPM/rztna/NSekAACkBCkAAClBCgBASpACAJASpAAApAQpAAApQQoAQEqQAgCQEqQAAKRe7ff7ff0QAACcLiekAACk3GVvb7/hfra7nkfv196tPNv7s/Z5Znt++233p/b7Xfvzjr5Lfbb3/9T+Pqx9/q05IQUAICVIAQBICVIAAFKCFACAlCAFACAlSAEASAlSAABSghQAgJQgBQAg5S57AABSTkgBAEi5y97e3n7a/andnW2/7f7Dt0+L9o+fvz9rP9vPO9v369j3x36X/ejn2ZoTUgAAUoIUAICUIAUAICVIAQBICVIAAFKCFACAlCAFACAlSAEASAlSAABS7rIHACDlhBQAgJS77O3t/7J31/Pf92vvSj61u8Lt7e3n2Y++m362u+xH///amhNSAABSghQAgJQgBQAgJUgBAEgJUgAAUoIUAICUIAUAICVIAQBICVIAAFLusgcAIOWEFACAlLvs/7F317b9Ke/PLs8X7Z/uHp71+rPd9Tzb3vuz7X70Xd6ntvf5PK796L/nW3NCCgBASpACAJASpAAApAQpAAApQQoAQEqQAgCQEqQAAKQEKQAAKUEKAEDKXfYAAKSckAIAkHKX/T/27j62P+X96LuqR7++76/9/9+7e/249v7+/P31Rz9PzQkpAAApQQoAQEqQAgCQEqQAAKQEKQAAKUEKAEBKkAIAkBKkAACkBCkAACl32QMAkHJCCgBA6ujusj/2u26Pfe/9edn7tb/ftXcl+/7+fT/bXdjHvj+7PF+0f7p7OMjzHPt+9Odztr8Ps/19G72vOSEFACAlSAEASAlSAABSghQAgJQgBQAgJUgBAEgJUgAAUoIUAICUIAUAIOUuewAAUk5IAQBICVIAAFKCFACAlCAFACAlSAEASAlSAABSghQAgJQgBQAgJUgBAEgJUgAAUoIUAICUIAUAICVIAQBICVIAAFKCFACAlCAFACAlSAEASAlSAABSghQAgJQgBQAgJUgBAEgJUgAAUoIUAICUIAUAICVIAQBICVIAAFKCFACAlCAFACAlSAEASAlSAABSghQAgJQgBQAgJUgBAEgJUgAAUoIUAICUIAUAICVIAQBICVIAAFKCFACAlCAFACAlSAEASAlSAABSghQAgJQgBQAgJUgBAEgJUgAAUoIUAICUIAUAIPV66xf89fvPot27t2+etT+7PF+0f7p7OMjz2Nvb22+19/fN3t7+WPZbc0IKAEBKkAIAkBKkAACkBCkAAClBCgBASpACAJASpAAApAQpAAApQQoAQOrVfr/f1w8BAMDpckIKAEDq6O6yt7c/5f31/dWi/c3F7UGe59T23n97e3t7d9kDAPACCVIAAFKCFACAlCAFACAlSAEASAlSAABSghQAgJQgBQAgJUgBAEi5yx4AgJQTUgAAUu6yt7e3t7e3t7e3X7XfmhNSAABSghQAgJQgBQAgJUgBAEgJUgAAUoIUAICUIAUAICVIAQBICVIAAFLusgcAIOWEFACAlLvs7e033F/fXy3a31zcHuR57O3t7e3tR+y35oQUAICUIAUAICVIAQBICVIAAFKCFACAlCAFACAlSAEASAlSAABSghQAgJS77AEASDkhBQAg5S57e3t7e3t7e/sT39eckAIAkBKkAACkBCkAAClBCgBASpACAJASpAAApAQpAAApQQoAQEqQAgCQcpc9AAApJ6QAAKTcZW8/1f76/mrR/ubi9iDPY29vb29vfwr7mhNSAABSghQAgJQgBQAgJUgBAEgJUgAAUoIUAICUIAUAICVIAQBICVIAAFLusgcAIOWEFACAlLvs7e3t7e3t7e0n31/fXy3a31zcPuv1a05IAQBICVIAAFKCFACAlCAFACAlSAEASAlSAABSghQAgJQgBQAgJUgBAEi5yx4AgJQTUgAAUoIUAICUIAUAICVIAQBICVIAAFKCFACAlCAFACAlSAEASAlSAABSghQAgJQgBQAgJUgBAEgJUgAAUoIUAICUIAUAICVIAQBICVIAAFKCFACAlCAFACAlSAEASAlSAABSghQAgJQgBQAgJUgBAEgJUgAAUoIUAICUIAUAICVIAQBICVIAAFKCFACAlCAFACAlSAEASAlSAABSghQAgJQgBQAgJUgBAEgJUgAAUoIUAICUIAUAICVIAQBICVIAAFKCFACAlCAFACAlSAEASAlSAABSghQAgJQgBQAgJUgBAEi93voFf/3+s2j37u0b+xPY//j5ddH+4/svB3kee3v7cfvZvu+zPY/93/fX91eL9jcXtwd5Hvu/77fmhBQAgJQgBQAgJUgBAEgJUgAAUoIUAICUIAUAICVIAQBICVIAAFKCFACA1Kv9fr+vHwIAgNPlhBQAgNSLv8t+7V3G7j62t7e3fxl7f8+Pa+/3dVz7rTkhBQAgJUgBAEgJUgAAUoIUAICUIAUAICVIAQBICVIAAFKCFACAlCAFACDlLnsAAFJOSAEASLnL/v+4y97e3t7e3t7eftl+a05IAQBICVIAAFKCFACAlCAFACAlSAEASAlSAABSghQAgJQgBQAgJUgBAEi5yx4AgJQTUgAAUi/+Lnt7e3t7e3t7e/u/72tOSAEASAlSAABSghQAgJQgBQAgJUgBAEgJUgAAUoIUAICUIAUAICVIAQBIucseAICUE1IAAFLusrefav/j59dF+4/vvxzkeezt7cftzy7PF+2f7h4O8jz29qe8rzkhBQAgJUgBAEgJUgAAUoIUAICUIAUAICVIAQBICVIAAFKCFACAlCAFACDlLnsAAFJOSAEASL34u+w/fPu0aP/4+ftBnsfe3t5+q/31/dWi/c3F7UGeZ/T+x8+vi/Yf3385yPOcXZ4v2j/dPRzkeezt/5V9zQkpAAApQQoAQEqQAgCQEqQAAKQEKQAAKUEKAEBKkAIAkBKkAACkBCkAACl32QMAkHJCCgBA6sXfZW9vb29vbz9i/+Pn10X7j++/HOR57O3/lX3NCSkAAClBCgBASpACAJASpAAApAQpAAApQQoAQEqQAgCQEqQAAKQEKQAAKXfZAwCQckIKAEBKkAIAkBKkAACkBCkAAClBCgBASpACAJASpAAApAQpAAApQQoAQEqQAgCQEqQAAKQEKQAAKUEKAEBKkAIAkBKkAACkBCkAAClBCgBASpACAJASpAAApAQpAAApQQoAQEqQAgCQEqQAAKQEKQAAKUEKAEBKkAIAkBKkAACkBCkAAClBCgBASpACAJASpAAApAQpAAApQQoAQEqQAgCQEqQAAKQEKQAAKUEKAEBKkAIAkBKkAACkBCkAAClBCgBASpACAJASpAAApAQpAAApQQoAQEqQAgCQEqQAAKQEKQAAqddbv+Cv338W7d69fWNvb29vb29vb3+E+605IQUAICVIAQBICVIAAFKCFACAlCAFACAlSAEASAlSAABSghQAgJQgBQAg9Wq/3+/rhwAA4HQ5IQUAIOUue3t7e3t7e3t7+1X7rTkhBQAgJUgBAEgJUgAAUoIUAICUIAUAICVIAQBICVIAAFKCFACAlCAFACDlLnsAAFJOSAEASLnL3t7e3t7e3t7+xPc1J6QAAKQEKQAAKUEKAEBKkAIAkBKkAACkBCkAAClBCgBASpACAJASpAAApNxlDwBAygkpAAApd9nb29vb29u/gP3Z5fmi/dPdw0Gex/649jUnpAAApAQpAAApQQoAQEqQAgCQEqQAAKQEKQAAKUEKAEBKkAIAkBKkAACk3GUPAEDKCSkAACl32dtPtXcXs729vb39kv31/dWi/c3F7UGe59j3NSekAACkBCkAAClBCgBASpACAJASpAAApAQpAAApQQoAQEqQAgCQEqQAAKTcZQ8AQMoJKQAAqc3vsncXub29vb39Kexnu0vd/1/7f2Vfc0IKAEBKkAIAkBKkAACkBCkAAClBCgBASpACAJASpAAApAQpAAApQQoAQMpd9gAApJyQAgCQ2vwu+9nuZrW3t7e3t7e3t//7vuaEFACAlCAFACAlSAEASAlSAABSghQAgJQgBQAgJUgBAEgJUgAAUoIUAICUu+wBAEg5IQUAICVIAQBICVIAAFKCFACAlCAFACAlSAEASAlSAABSghQAgJQgBQAgJUgBAEgJUgAAUoIUAICUIAUAICVIAQBICVIAAFKCFACAlCAFACAlSAEASAlSAABSghQAgJQgBQAgJUgBAEgJUgAAUoIUAICUIAUAICVIAQBICVIAAFKCFACAlCAFACAlSAEASAlSAABSghQAgJQgBQAgJUgBAEgJUgAAUoIUAICUIAUAICVIAQBICVIAAFKCFACAlCAFACAlSAEASAlSAABSghQAgJQgBQAgJUgBAEgJUgAAUoIUAIDU661f8NfvP4t2796+sbe3t7e3t7e3n2Bfc0IKAEBKkAIAkBKkAACkBCkAAClBCgBASpACAJASpAAApAQpAAApQQoAQOrVfr/f1w8BAMDpckIKAEDKXfb29vb29vb29ie+rzkhBQAgJUgBAEgJUgAAUoIUAICUIAUAICVIAQBICVIAAFKCFACAlCAFACDlLnsAAFJOSAEASLnL3t7e3t7e3t7+xPc1J6QAAKQEKQAAKUEKAEBKkAIAkBKkAACkBCkAAClBCgBASpACAJASpAAApNxlDwBAygkpAAApd9nb24f7s8vzRfunu4eDPI/9y97/+Pl10f7j+y8HeR57e/t59jUnpAAApAQpAAApQQoAQEqQAgCQEqQAAKQEKQAAKUEKAEBKkAIAkBKkAACk3GUPAEDKCSkAACl32dvbh/sP3z4t2j9+/n6Q57G3t7e3P819zQkpAAApQQoAQEqQAgCQEqQAAKQEKQAAKUEKAEBKkAIAkBKkAACkBCkAACl32QMAkHJCCgBAyl329vbh/sfPr4v2H99/Ocjz2Nu/pP3Z5fmi/dPdw0Gex/649mv/Pl/fXy3a31zcPut53GUPAAADCVIAAFKCFACAlCAFACAlSAEASAlSAABSghQAgJQgBQAgJUgBAEi5yx4AgJQTUgAAUu6yt7cP9+6yt7cft/f9srdfvq85IQUAICVIAQBICVIAAFKCFACAlCAFACAlSAEASAlSAABSghQAgJQgBQAg5S57AABSTkgBAEgJUgAAUoIUAICUIAUAICVIAQBICVIAAFKCFACAlCAFACAlSAEASAlSAABSghQAgJQgBQAgJUgBAEgJUgAAUoIUAICUIAUAICVIAQBICVIAAFKCFACAlCAFACAlSAEASAlSAABSghQAgJQgBQAgJUgBAEgJUgAAUoIUAICUIAUAICVIAQBICVIAAFKCFACAlCAFACAlSAEASAlSAABSghQAgJQgBQAgJUgBAEgJUgAAUoIUAICUIAUAICVIAQBICVIAAFKCFACA1P8CQgmaEgThkvgAAAAASUVORK5CYII="`;
